[2026-05-23 07:28:26Z INFO HostContext] No proxy settings were found based on environmental variables (http_proxy/https_proxy/HTTP_PROXY/HTTPS_PROXY)
[2026-05-23 07:28:26Z INFO HostContext] Well known directory 'Bin': 'D:\minishopapp\minishopapp\actions-runner\bin'
[2026-05-23 07:28:26Z INFO HostContext] Well known directory 'Root': 'D:\minishopapp\minishopapp\actions-runner'
[2026-05-23 07:28:26Z INFO HostContext] Well known config file 'Credentials': 'D:\minishopapp\minishopapp\actions-runner\.credentials'
[2026-05-23 07:28:26Z INFO HostContext] Well known directory 'Bin': 'D:\minishopapp\minishopapp\actions-runner\bin'
[2026-05-23 07:28:26Z INFO HostContext] Well known directory 'Root': 'D:\minishopapp\minishopapp\actions-runner'
[2026-05-23 07:28:26Z INFO HostContext] Well known config file 'Runner': 'D:\minishopapp\minishopapp\actions-runner\.runner'
[2026-05-23 07:28:26Z INFO Listener] Runner is built for Windows (X64) - win-x64.
[2026-05-23 07:28:26Z INFO Listener] RuntimeInformation: Microsoft Windows 10.0.26200.
[2026-05-23 07:28:26Z INFO Listener] Version: 2.334.0
[2026-05-23 07:28:26Z INFO Listener] Commit: f1995ede5d885c997d13d8eca5467c4ce97fe69c
[2026-05-23 07:28:26Z INFO Listener] Culture: en-US
[2026-05-23 07:28:26Z INFO Listener] UI Culture: en-US
[2026-05-23 07:28:26Z INFO HostContext] Well known directory 'Bin': 'D:\minishopapp\minishopapp\actions-runner\bin'
[2026-05-23 07:28:26Z INFO HostContext] Well known directory 'Root': 'D:\minishopapp\minishopapp\actions-runner'
[2026-05-23 07:28:26Z INFO Listener] Validating directory permissions for: 'D:\minishopapp\minishopapp\actions-runner'
[2026-05-23 07:28:26Z INFO CommandLineParser] Parse
[2026-05-23 07:28:26Z INFO CommandLineParser] Parsing 1 args
[2026-05-23 07:28:26Z INFO CommandLineParser] parsing argument
[2026-05-23 07:28:26Z INFO CommandLineParser] HasArgs: False
[2026-05-23 07:28:26Z INFO CommandLineParser] Adding Command: run
[2026-05-23 07:28:26Z INFO Listener] Arguments parsed
[2026-05-23 07:28:26Z INFO Runner] ExecuteCommand
[2026-05-23 07:28:26Z INFO ConfigurationStore] currentAssemblyLocation: D:\minishopapp\minishopapp\actions-runner\bin\Runner.Listener.dll
[2026-05-23 07:28:26Z INFO HostContext] Well known directory 'Bin': 'D:\minishopapp\minishopapp\actions-runner\bin'
[2026-05-23 07:28:26Z INFO ConfigurationStore] binPath: D:\minishopapp\minishopapp\actions-runner\bin
[2026-05-23 07:28:26Z INFO HostContext] Well known directory 'Bin': 'D:\minishopapp\minishopapp\actions-runner\bin'
[2026-05-23 07:28:26Z INFO HostContext] Well known directory 'Root': 'D:\minishopapp\minishopapp\actions-runner'
[2026-05-23 07:28:26Z INFO ConfigurationStore] RootFolder: D:\minishopapp\minishopapp\actions-runner
[2026-05-23 07:28:26Z INFO HostContext] Well known directory 'Bin': 'D:\minishopapp\minishopapp\actions-runner\bin'
[2026-05-23 07:28:26Z INFO HostContext] Well known directory 'Root': 'D:\minishopapp\minishopapp\actions-runner'
[2026-05-23 07:28:26Z INFO HostContext] Well known config file 'Runner': 'D:\minishopapp\minishopapp\actions-runner\.runner'
[2026-05-23 07:28:26Z INFO ConfigurationStore] ConfigFilePath: D:\minishopapp\minishopapp\actions-runner\.runner
[2026-05-23 07:28:26Z INFO HostContext] Well known directory 'Bin': 'D:\minishopapp\minishopapp\actions-runner\bin'
[2026-05-23 07:28:26Z INFO HostContext] Well known directory 'Root': 'D:\minishopapp\minishopapp\actions-runner'
[2026-05-23 07:28:26Z INFO HostContext] Well known config file 'MigratedRunner': 'D:\minishopapp\minishopapp\actions-runner\.runner_migrated'
[2026-05-23 07:28:26Z INFO ConfigurationStore] MigratedConfigFilePath: D:\minishopapp\minishopapp\actions-runner\.runner_migrated
[2026-05-23 07:28:26Z INFO HostContext] Well known directory 'Bin': 'D:\minishopapp\minishopapp\actions-runner\bin'
[2026-05-23 07:28:26Z INFO HostContext] Well known directory 'Root': 'D:\minishopapp\minishopapp\actions-runner'
[2026-05-23 07:28:26Z INFO HostContext] Well known config file 'Credentials': 'D:\minishopapp\minishopapp\actions-runner\.credentials'
[2026-05-23 07:28:26Z INFO ConfigurationStore] CredFilePath: D:\minishopapp\minishopapp\actions-runner\.credentials
[2026-05-23 07:28:26Z INFO HostContext] Well known directory 'Bin': 'D:\minishopapp\minishopapp\actions-runner\bin'
[2026-05-23 07:28:26Z INFO HostContext] Well known directory 'Root': 'D:\minishopapp\minishopapp\actions-runner'
[2026-05-23 07:28:26Z INFO HostContext] Well known config file 'MigratedCredentials': 'D:\minishopapp\minishopapp\actions-runner\.credentials_migrated'
[2026-05-23 07:28:26Z INFO ConfigurationStore] MigratedCredFilePath: D:\minishopapp\minishopapp\actions-runner\.credentials_migrated
[2026-05-23 07:28:26Z INFO HostContext] Well known directory 'Bin': 'D:\minishopapp\minishopapp\actions-runner\bin'
[2026-05-23 07:28:26Z INFO HostContext] Well known directory 'Root': 'D:\minishopapp\minishopapp\actions-runner'
[2026-05-23 07:28:26Z INFO HostContext] Well known config file 'Service': 'D:\minishopapp\minishopapp\actions-runner\.service'
[2026-05-23 07:28:26Z INFO ConfigurationStore] ServiceConfigFilePath: D:\minishopapp\minishopapp\actions-runner\.service
[2026-05-23 07:28:26Z INFO CommandSettings] Flag 'help': 'False'
[2026-05-23 07:28:26Z INFO CommandSettings] Flag 'version': 'False'
[2026-05-23 07:28:26Z INFO CommandSettings] Flag 'commit': 'False'
[2026-05-23 07:28:26Z INFO CommandSettings] Flag 'check': 'False'
[2026-05-23 07:28:26Z INFO CommandSettings] Command 'configure': 'False'
[2026-05-23 07:28:26Z INFO CommandSettings] Command 'remove': 'False'
[2026-05-23 07:28:26Z INFO CommandSettings] Command 'warmup': 'False'
[2026-05-23 07:28:26Z INFO ConfigurationManager] LoadSettings
[2026-05-23 07:28:26Z INFO ConfigurationStore] IsConfigured()
[2026-05-23 07:28:26Z INFO ConfigurationStore] IsConfigured: True
[2026-05-23 07:28:26Z INFO ConfigurationManager] Is configured: True
[2026-05-23 07:28:26Z INFO ConfigurationStore] Read setting file: 391 chars
[2026-05-23 07:28:26Z INFO ConfigurationManager] Settings Loaded
[2026-05-23 07:28:26Z INFO ConfigurationStore] IsServiceConfigured()
[2026-05-23 07:28:26Z INFO ConfigurationStore] IsServiceConfigured: False
[2026-05-23 07:28:26Z INFO CommandSettings] Command 'run': 'True'
[2026-05-23 07:28:26Z INFO ConfigurationStore] IsConfigured()
[2026-05-23 07:28:26Z INFO ConfigurationStore] IsConfigured: True
[2026-05-23 07:28:26Z INFO ConfigurationManager] Is configured: True
[2026-05-23 07:28:26Z INFO Runner] Could not parse the argument value '' for StartupType. Defaulting to Manual
[2026-05-23 07:28:26Z INFO Runner] Set runner startup type - Manual
[2026-05-23 07:28:26Z INFO CommandSettings] Flag 'once': 'False'
[2026-05-23 07:28:26Z INFO CommandSettings] Flag 'once': 'False'
[2026-05-23 07:28:26Z INFO Runner] RunAsync
[2026-05-23 07:28:26Z INFO HostContext] Well known directory 'Bin': 'D:\minishopapp\minishopapp\actions-runner\bin'
[2026-05-23 07:28:26Z INFO HostContext] Well known directory 'Root': 'D:\minishopapp\minishopapp\actions-runner'
[2026-05-23 07:28:26Z INFO HostContext] Well known directory 'Work': 'D:\minishopapp\minishopapp\actions-runner\_work'
[2026-05-23 07:28:26Z INFO Runner] Validating directory permissions for: 'D:\minishopapp\minishopapp\actions-runner\_work'
[2026-05-23 07:28:26Z INFO ConfigurationManager] LoadMigratedSettings
[2026-05-23 07:28:26Z INFO ConfigurationStore] IsMigratedConfigured()
[2026-05-23 07:28:26Z INFO ConfigurationStore] IsMigratedConfigured: False
[2026-05-23 07:28:26Z INFO Runner] Failed to load migrated settings: No migrated configuration found.
[2026-05-23 07:28:26Z INFO Runner] Falling back to original .runner settings
[2026-05-23 07:28:26Z INFO Runner] Using BrokerMessageListener
[2026-05-23 07:28:26Z INFO BrokerMessageListener] Using provided settings
[2026-05-23 07:28:26Z INFO BrokerMessageListener] {
  "AgentId": 2,
  "AgentName": "ADMIN",
  "PoolId": 1,
  "PoolName": "Default",
  "ServerUrl": "https://pipelinesghubeus4.actions.githubusercontent.com/0fpiXA3U3wQmuPtM9aNKfbBmkgDwuC3gitjjISzN7vc6zTMxmN/",
  "GitHubUrl": "https://github.com/dineshvit11/minishopapp",
  "WorkFolder": "_work",
  "UseV2Flow": true,
  "ServerUrlV2": "https://broker.actions.githubusercontent.com/"
}
[2026-05-23 07:28:26Z INFO BrokerMessageListener] Loading Credentials
[2026-05-23 07:28:26Z INFO ConfigurationStore] HasCredentials()
[2026-05-23 07:28:26Z INFO ConfigurationStore] stored True
[2026-05-23 07:28:26Z INFO CredentialManager] GetCredentialProvider
[2026-05-23 07:28:26Z INFO CredentialManager] Creating type OAuth
[2026-05-23 07:28:26Z INFO CredentialManager] Creating credential type: OAuth
[2026-05-23 07:28:26Z INFO HostContext] Well known directory 'Bin': 'D:\minishopapp\minishopapp\actions-runner\bin'
[2026-05-23 07:28:26Z INFO HostContext] Well known directory 'Root': 'D:\minishopapp\minishopapp\actions-runner'
[2026-05-23 07:28:26Z INFO HostContext] Well known config file 'RSACredentials': 'D:\minishopapp\minishopapp\actions-runner\.credentials_rsaparams'
[2026-05-23 07:28:26Z INFO RSAEncryptedFileKeyManager] Loading RSA key parameters from file D:\minishopapp\minishopapp\actions-runner\.credentials_rsaparams
[2026-05-23 07:28:26Z INFO BrokerMessageListener] Attempt to create session.
[2026-05-23 07:28:26Z INFO BrokerMessageListener] Connecting to the Broker Server...
[2026-05-23 07:28:26Z INFO ConfigurationStore] HasCredentials()
[2026-05-23 07:28:26Z INFO ConfigurationStore] stored True
[2026-05-23 07:28:26Z INFO CredentialManager] GetCredentialProvider
[2026-05-23 07:28:26Z INFO CredentialManager] Creating type OAuth
[2026-05-23 07:28:26Z INFO CredentialManager] Creating credential type: OAuth
[2026-05-23 07:28:26Z INFO RSAEncryptedFileKeyManager] Loading RSA key parameters from file D:\minishopapp\minishopapp\actions-runner\.credentials_rsaparams
[2026-05-23 07:28:26Z INFO BrokerMessageListener] VssConnection created
[2026-05-23 07:28:26Z INFO BrokerMessageListener] Connecting to the Runner server...
[2026-05-23 07:28:26Z INFO RunnerServer] EstablishVssConnection
[2026-05-23 07:28:26Z INFO RunnerServer] Establish connection with 100 seconds timeout.
[2026-05-23 07:28:26Z INFO GitHubActionsService] Starting operation Location.GetConnectionData
[2026-05-23 07:28:26Z INFO RunnerServer] EstablishVssConnection
[2026-05-23 07:28:26Z INFO RunnerServer] Establish connection with 60 seconds timeout.
[2026-05-23 07:28:26Z INFO GitHubActionsService] Starting operation Location.GetConnectionData
[2026-05-23 07:28:26Z INFO RunnerServer] EstablishVssConnection
[2026-05-23 07:28:26Z INFO RunnerServer] Establish connection with 60 seconds timeout.
[2026-05-23 07:28:26Z INFO GitHubActionsService] Starting operation Location.GetConnectionData
[2026-05-23 07:28:27Z INFO GitHubActionsService] Finished operation Location.GetConnectionData
[2026-05-23 07:28:27Z INFO GitHubActionsService] Finished operation Location.GetConnectionData
[2026-05-23 07:28:27Z INFO GitHubActionsService] Finished operation Location.GetConnectionData
[2026-05-23 07:28:27Z INFO BrokerMessageListener] VssConnection created
[2026-05-23 07:28:27Z INFO Terminal] WRITE LINE: 
[2026-05-23 07:28:28Z INFO Terminal] WRITE LINE: 
[2026-05-23 07:28:28Z INFO RSAEncryptedFileKeyManager] Loading RSA key parameters from file D:\minishopapp\minishopapp\actions-runner\.credentials_rsaparams
[2026-05-23 07:28:28Z INFO RSAEncryptedFileKeyManager] Loading RSA key parameters from file D:\minishopapp\minishopapp\actions-runner\.credentials_rsaparams
[2026-05-23 07:28:29Z INFO GitHubActionsService] AAD Correlation ID for this token request: Unknown
[2026-05-23 07:28:29Z INFO BrokerMessageListener] Session created.
[2026-05-23 07:28:29Z INFO Terminal] WRITE LINE: Current runner version: '2.334.0'
[2026-05-23 07:28:29Z INFO Terminal] WRITE LINE: 2026-05-23 07:28:29Z: Listening for Jobs
[2026-05-23 07:28:29Z INFO JobDispatcher] Set runner/worker IPC timeout to 30 seconds.
[2026-05-23 08:18:46Z INFO RSAEncryptedFileKeyManager] Loading RSA key parameters from file D:\minishopapp\minishopapp\actions-runner\.credentials_rsaparams
[2026-05-23 08:18:47Z INFO GitHubActionsService] AAD Correlation ID for this token request: Unknown
[2026-05-23 09:04:03Z INFO BrokerMessageListener] Acknowledging runner request '1232d1bf-1a96-5e26-96bc-482431ef50c4'.
[2026-05-23 09:04:03Z INFO ConfigurationStore] HasCredentials()
[2026-05-23 09:04:03Z INFO ConfigurationStore] stored True
[2026-05-23 09:04:03Z INFO CredentialManager] GetCredentialProvider
[2026-05-23 09:04:03Z INFO CredentialManager] Creating type OAuth
[2026-05-23 09:04:03Z INFO CredentialManager] Creating credential type: OAuth
[2026-05-23 09:04:03Z INFO RSAEncryptedFileKeyManager] Loading RSA key parameters from file D:\minishopapp\minishopapp\actions-runner\.credentials_rsaparams
[2026-05-23 09:04:03Z INFO RSAEncryptedFileKeyManager] Loading RSA key parameters from file D:\minishopapp\minishopapp\actions-runner\.credentials_rsaparams
[2026-05-23 09:04:03Z INFO RSAEncryptedFileKeyManager] Loading RSA key parameters from file D:\minishopapp\minishopapp\actions-runner\.credentials_rsaparams
[2026-05-23 09:04:04Z INFO GitHubActionsService] AAD Correlation ID for this token request: Unknown
[2026-05-23 09:04:06Z INFO JobDispatcher] Job request 0 for plan 3e2f21f6-98ce-4994-b448-6fe8a9295111 job 1232d1bf-1a96-5e26-96bc-482431ef50c4 received.
[2026-05-23 09:04:06Z INFO JobDispatcher] Pull OrchestrationId 3e2f21f6-98ce-4994-b448-6fe8a9295111.test.__default from JWT claims
[2026-05-23 09:04:06Z INFO BrokerMessageListener] Received job status event. JobState: Busy
[2026-05-23 09:04:06Z INFO BrokerMessageListener] _getMessagesTokenSource is already disposed.
[2026-05-23 09:04:06Z INFO Terminal] WRITE LINE: 2026-05-23 09:04:06Z: Running job: test
[2026-05-23 09:04:06Z INFO JobDispatcher] Start renew job request 0 for job 1232d1bf-1a96-5e26-96bc-482431ef50c4.
[2026-05-23 09:04:06Z INFO JobDispatcher] Successfully renew job 1232d1bf-1a96-5e26-96bc-482431ef50c4, job is valid till 5/23/2026 9:14:07 AM
[2026-05-23 09:04:06Z INFO HostContext] Well known directory 'Bin': 'D:\minishopapp\minishopapp\actions-runner\bin'
[2026-05-23 09:04:06Z INFO ProcessInvokerWrapper] Starting process:
[2026-05-23 09:04:06Z INFO ProcessInvokerWrapper]   File name: 'D:\minishopapp\minishopapp\actions-runner\bin\Runner.Worker.exe'
[2026-05-23 09:04:06Z INFO ProcessInvokerWrapper]   Arguments: 'spawnclient 1604 1536'
[2026-05-23 09:04:06Z INFO ProcessInvokerWrapper]   Working directory: 'D:\minishopapp\minishopapp\actions-runner\bin'
[2026-05-23 09:04:06Z INFO ProcessInvokerWrapper]   Require exit code zero: 'False'
[2026-05-23 09:04:06Z INFO ProcessInvokerWrapper]   Encoding web name:  ; code page: ''
[2026-05-23 09:04:06Z INFO ProcessInvokerWrapper]   Force kill process on cancellation: 'True'
[2026-05-23 09:04:06Z INFO ProcessInvokerWrapper]   Redirected STDIN: 'False'
[2026-05-23 09:04:06Z INFO ProcessInvokerWrapper]   Persist current code page: 'False'
[2026-05-23 09:04:06Z INFO ProcessInvokerWrapper]   Keep redirected STDIN open: 'False'
[2026-05-23 09:04:06Z INFO ProcessInvokerWrapper]   High priority process: 'True'
[2026-05-23 09:04:07Z INFO ProcessInvokerWrapper] Process started with process id 28076, waiting for process exit.
[2026-05-23 09:04:07Z INFO JobDispatcher] Send job request message to worker for job 1232d1bf-1a96-5e26-96bc-482431ef50c4.
[2026-05-23 09:04:07Z INFO ProcessChannel] Sending message of length 20867, with hash 'af178894ef44ffab8c1498ca24880e852a967531270efdb4394f1786aa583e1d'
[2026-05-23 09:04:07Z INFO JobNotification] Entering JobStarted Notification
[2026-05-23 09:04:07Z INFO JobNotification] Entering StartMonitor
[2026-05-23 09:04:41Z INFO ProcessInvokerWrapper] STDOUT/STDERR stream read finished.
[2026-05-23 09:04:41Z INFO ProcessInvokerWrapper] STDOUT/STDERR stream read finished.
[2026-05-23 09:04:41Z INFO ProcessInvokerWrapper] Finished process 28076 with exit code 102, and elapsed time 00:00:34.7759220.
[2026-05-23 09:04:41Z INFO JobDispatcher] Worker finished for job 1232d1bf-1a96-5e26-96bc-482431ef50c4. Code: 102
[2026-05-23 09:04:41Z INFO JobDispatcher] finish job request for job 1232d1bf-1a96-5e26-96bc-482431ef50c4 with result: Failed
[2026-05-23 09:04:41Z INFO Terminal] WRITE LINE: 2026-05-23 09:04:41Z: Job test completed with result: Failed
[2026-05-23 09:04:41Z INFO JobDispatcher] Stop renew job request for job 1232d1bf-1a96-5e26-96bc-482431ef50c4.
[2026-05-23 09:04:41Z INFO JobDispatcher] job renew has been cancelled, stop renew job 1232d1bf-1a96-5e26-96bc-482431ef50c4.
[2026-05-23 09:04:41Z INFO JobNotification] Entering JobCompleted Notification
[2026-05-23 09:04:41Z INFO JobNotification] Entering EndMonitor
[2026-05-23 09:04:41Z INFO BrokerMessageListener] Received job status event. JobState: Online
[2026-05-23 09:04:41Z WARN GitHubActionsService] GET request to https://broker.actions.githubusercontent.com/message?sessionId=c0bbf31d-3189-45a0-be6c-4d99a0a7cbca&status=Busy&runnerVersion=2.334.0&os=Windows&architecture=X64&disableUpdate=false has been cancelled.
[2026-05-23 09:04:41Z ERR  BrokerServer] Catch exception during request
[2026-05-23 09:04:41Z ERR  BrokerServer] System.Threading.Tasks.TaskCanceledException: The operation was canceled.
 ---> System.Threading.Tasks.TaskCanceledException: The operation was canceled.
 ---> System.IO.IOException: Unable to read data from the transport connection: The I/O operation has been aborted because of either a thread exit or an application request..
 ---> System.Net.Sockets.SocketException (995): The I/O operation has been aborted because of either a thread exit or an application request.
   --- End of inner exception stack trace ---
   at System.Net.Sockets.Socket.AwaitableSocketAsyncEventArgs.ThrowException(SocketError error, CancellationToken cancellationToken)
   at System.Net.Sockets.Socket.AwaitableSocketAsyncEventArgs.System.Threading.Tasks.Sources.IValueTaskSource<System.Int32>.GetResult(Int16 token)
   at System.Net.Security.SslStream.EnsureFullTlsFrameAsync[TIOAdapter](CancellationToken cancellationToken, Int32 estimatedSize)
   at System.Runtime.CompilerServices.PoolingAsyncValueTaskMethodBuilder`1.StateMachineBox`1.System.Threading.Tasks.Sources.IValueTaskSource<TResult>.GetResult(Int16 token)
   at System.Net.Security.SslStream.ReadAsyncInternal[TIOAdapter](Memory`1 buffer, CancellationToken cancellationToken)
   at System.Runtime.CompilerServices.PoolingAsyncValueTaskMethodBuilder`1.StateMachineBox`1.System.Threading.Tasks.Sources.IValueTaskSource<TResult>.GetResult(Int16 token)
   at System.Net.Http.HttpConnection.SendAsync(HttpRequestMessage request, Boolean async, CancellationToken cancellationToken)
   --- End of inner exception stack trace ---
   at System.Net.Http.HttpConnection.SendAsync(HttpRequestMessage request, Boolean async, CancellationToken cancellationToken)
   at System.Net.Http.AuthenticationHelper.SendWithNtAuthAsync(HttpRequestMessage request, Uri authUri, Boolean async, ICredentials credentials, Boolean isProxyAuth, HttpConnection connection, HttpConnectionPool connectionPool, CancellationToken cancellationToken)
   at System.Net.Http.HttpConnectionPool.SendWithVersionDetectionAndRetryAsync(HttpRequestMessage request, Boolean async, Boolean doRequestAuth, CancellationToken cancellationToken)
   at System.Net.Http.AuthenticationHelper.SendWithAuthAsync(HttpRequestMessage request, Uri authUri, Boolean async, ICredentials credentials, Boolean preAuthenticate, Boolean isProxyAuth, Boolean doRequestAuth, HttpConnectionPool pool, CancellationToken cancellationToken)
   at System.Net.Http.RedirectHandler.SendAsync(HttpRequestMessage request, Boolean async, CancellationToken cancellationToken)
   at GitHub.Services.Common.RawHttpMessageHandler.SendAsync(HttpRequestMessage request, CancellationToken cancellationToken)
   at GitHub.Services.Common.VssHttpRetryMessageHandler.SendAsync(HttpRequestMessage request, CancellationToken cancellationToken)
   at System.Net.Http.HttpClient.<SendAsync>g__Core|83_0(HttpRequestMessage request, HttpCompletionOption completionOption, CancellationTokenSource cts, Boolean disposeCts, CancellationTokenSource pendingRequestsCts, CancellationToken originalCancellationToken)
   --- End of inner exception stack trace ---
   at System.Net.Http.HttpClient.HandleFailure(Exception e, Boolean telemetryStarted, HttpResponseMessage response, CancellationTokenSource cts, CancellationToken cancellationToken, CancellationTokenSource pendingRequestsCts)
   at System.Net.Http.HttpClient.<SendAsync>g__Core|83_0(HttpRequestMessage request, HttpCompletionOption completionOption, CancellationTokenSource cts, Boolean disposeCts, CancellationTokenSource pendingRequestsCts, CancellationToken originalCancellationToken)
   at Sdk.WebApi.WebApi.RawHttpClientBase.SendAsync(HttpRequestMessage message, HttpCompletionOption completionOption, Object userState, CancellationToken cancellationToken)
   at Sdk.WebApi.WebApi.RawHttpClientBase.SendAsync[T](HttpRequestMessage message, Boolean readErrorBody, Object userState, CancellationToken cancellationToken)
   at Sdk.WebApi.WebApi.RawHttpClientBase.SendAsync[T](HttpMethod method, IEnumerable`1 additionalHeaders, Uri requestUri, HttpContent content, IEnumerable`1 queryParameters, Boolean readErrorBody, Object userState, CancellationToken cancellationToken)
   at GitHub.Actions.RunService.WebApi.BrokerHttpClient.GetRunnerMessageAsync(Nullable`1 sessionId, String runnerVersion, Nullable`1 status, String os, String architecture, Nullable`1 disableUpdate, CancellationToken cancellationToken)
   at GitHub.Runner.Common.BrokerServer.<>c__DisplayClass7_0.<<GetRunnerMessageAsync>b__0>d.MoveNext()
--- End of stack trace from previous location ---
   at GitHub.Runner.Common.RunnerService.RetryRequest[T](Func`1 func, CancellationToken cancellationToken, Int32 maxAttempts, Func`2 shouldRetry)
[2026-05-23 09:04:41Z ERR  BrokerServer] #####################################################
[2026-05-23 09:04:41Z ERR  BrokerServer] System.Threading.Tasks.TaskCanceledException: The operation was canceled.
 ---> System.IO.IOException: Unable to read data from the transport connection: The I/O operation has been aborted because of either a thread exit or an application request..
 ---> System.Net.Sockets.SocketException (995): The I/O operation has been aborted because of either a thread exit or an application request.
   --- End of inner exception stack trace ---
   at System.Net.Sockets.Socket.AwaitableSocketAsyncEventArgs.ThrowException(SocketError error, CancellationToken cancellationToken)
   at System.Net.Sockets.Socket.AwaitableSocketAsyncEventArgs.System.Threading.Tasks.Sources.IValueTaskSource<System.Int32>.GetResult(Int16 token)
   at System.Net.Security.SslStream.EnsureFullTlsFrameAsync[TIOAdapter](CancellationToken cancellationToken, Int32 estimatedSize)
   at System.Runtime.CompilerServices.PoolingAsyncValueTaskMethodBuilder`1.StateMachineBox`1.System.Threading.Tasks.Sources.IValueTaskSource<TResult>.GetResult(Int16 token)
   at System.Net.Security.SslStream.ReadAsyncInternal[TIOAdapter](Memory`1 buffer, CancellationToken cancellationToken)
   at System.Runtime.CompilerServices.PoolingAsyncValueTaskMethodBuilder`1.StateMachineBox`1.System.Threading.Tasks.Sources.IValueTaskSource<TResult>.GetResult(Int16 token)
   at System.Net.Http.HttpConnection.SendAsync(HttpRequestMessage request, Boolean async, CancellationToken cancellationToken)
   --- End of inner exception stack trace ---
   at System.Net.Http.HttpConnection.SendAsync(HttpRequestMessage request, Boolean async, CancellationToken cancellationToken)
   at System.Net.Http.AuthenticationHelper.SendWithNtAuthAsync(HttpRequestMessage request, Uri authUri, Boolean async, ICredentials credentials, Boolean isProxyAuth, HttpConnection connection, HttpConnectionPool connectionPool, CancellationToken cancellationToken)
   at System.Net.Http.HttpConnectionPool.SendWithVersionDetectionAndRetryAsync(HttpRequestMessage request, Boolean async, Boolean doRequestAuth, CancellationToken cancellationToken)
   at System.Net.Http.AuthenticationHelper.SendWithAuthAsync(HttpRequestMessage request, Uri authUri, Boolean async, ICredentials credentials, Boolean preAuthenticate, Boolean isProxyAuth, Boolean doRequestAuth, HttpConnectionPool pool, CancellationToken cancellationToken)
   at System.Net.Http.RedirectHandler.SendAsync(HttpRequestMessage request, Boolean async, CancellationToken cancellationToken)
   at GitHub.Services.Common.RawHttpMessageHandler.SendAsync(HttpRequestMessage request, CancellationToken cancellationToken)
   at GitHub.Services.Common.VssHttpRetryMessageHandler.SendAsync(HttpRequestMessage request, CancellationToken cancellationToken)
   at System.Net.Http.HttpClient.<SendAsync>g__Core|83_0(HttpRequestMessage request, HttpCompletionOption completionOption, CancellationTokenSource cts, Boolean disposeCts, CancellationTokenSource pendingRequestsCts, CancellationToken originalCancellationToken)
[2026-05-23 09:04:41Z ERR  BrokerServer] #####################################################
[2026-05-23 09:04:41Z ERR  BrokerServer] System.IO.IOException: Unable to read data from the transport connection: The I/O operation has been aborted because of either a thread exit or an application request..
 ---> System.Net.Sockets.SocketException (995): The I/O operation has been aborted because of either a thread exit or an application request.
   --- End of inner exception stack trace ---
   at System.Net.Sockets.Socket.AwaitableSocketAsyncEventArgs.ThrowException(SocketError error, CancellationToken cancellationToken)
   at System.Net.Sockets.Socket.AwaitableSocketAsyncEventArgs.System.Threading.Tasks.Sources.IValueTaskSource<System.Int32>.GetResult(Int16 token)
   at System.Net.Security.SslStream.EnsureFullTlsFrameAsync[TIOAdapter](CancellationToken cancellationToken, Int32 estimatedSize)
   at System.Runtime.CompilerServices.PoolingAsyncValueTaskMethodBuilder`1.StateMachineBox`1.System.Threading.Tasks.Sources.IValueTaskSource<TResult>.GetResult(Int16 token)
   at System.Net.Security.SslStream.ReadAsyncInternal[TIOAdapter](Memory`1 buffer, CancellationToken cancellationToken)
   at System.Runtime.CompilerServices.PoolingAsyncValueTaskMethodBuilder`1.StateMachineBox`1.System.Threading.Tasks.Sources.IValueTaskSource<TResult>.GetResult(Int16 token)
   at System.Net.Http.HttpConnection.SendAsync(HttpRequestMessage request, Boolean async, CancellationToken cancellationToken)
[2026-05-23 09:04:41Z ERR  BrokerServer] #####################################################
[2026-05-23 09:04:41Z ERR  BrokerServer] System.Net.Sockets.SocketException (995): The I/O operation has been aborted because of either a thread exit or an application request.
[2026-05-23 09:04:41Z WARN BrokerServer] Back off 10.616 seconds before next retry. 4 attempt left.
[2026-05-23 09:04:41Z INFO BrokerMessageListener] Get messages has been cancelled using local token source. Continue to get messages with new status.
